// Jest Snapshot v1, https://goo.gl/fbAQLP

exports[`User Inputs/PostForm Default smoke-test 1`] = `
Object {
  "checked": undefined,
  "children": Array [
    Object {
      "checked": undefined,
      "children": undefined,
      "name": "Updating a Post for: 271030",
      "pressed": undefined,
      "role": "text",
      "value": undefined,
    },
    Object {
      "checked": undefined,
      "children": undefined,
      "name": "Title",
      "pressed": undefined,
      "role": "text",
      "value": undefined,
    },
    Object {
      "checked": undefined,
      "children": undefined,
      "name": "Title",
      "pressed": undefined,
      "role": "textbox",
      "value": undefined,
    },
    Object {
      "checked": undefined,
      "children": undefined,
      "name": "Body",
      "pressed": undefined,
      "role": "text",
      "value": undefined,
    },
    Object {
      "checked": undefined,
      "children": undefined,
      "name": "Body",
      "pressed": undefined,
      "role": "textbox",
      "value": undefined,
    },
    Object {
      "checked": undefined,
      "children": undefined,
      "name": "Submit",
      "pressed": undefined,
      "role": "button",
      "value": undefined,
    },
  ],
  "name": "user-inputs-postform--default",
  "pressed": undefined,
  "role": "WebArea",
  "value": undefined,
}
`;
