// Jest Snapshot v1, https://goo.gl/fbAQLP

exports[`Feedback/TableLoadingItem Default smoke-test 1`] = `
Object {
  "checked": undefined,
  "children": Array [
    Object {
      "checked": undefined,
      "children": undefined,
      "name": "1",
      "pressed": undefined,
      "role": "text",
      "value": undefined,
    },
    Object {
      "checked": undefined,
      "children": undefined,
      "name": "2",
      "pressed": undefined,
      "role": "text",
      "value": undefined,
    },
    Object {
      "checked": undefined,
      "children": undefined,
      "name": "3",
      "pressed": undefined,
      "role": "text",
      "value": undefined,
    },
    Object {
      "checked": undefined,
      "children": undefined,
      "name": "4",
      "pressed": undefined,
      "role": "text",
      "value": undefined,
    },
    Object {
      "checked": undefined,
      "children": undefined,
      "name": "5",
      "pressed": undefined,
      "role": "text",
      "value": undefined,
    },
    Object {
      "checked": undefined,
      "children": undefined,
      "name": "6",
      "pressed": undefined,
      "role": "text",
      "value": undefined,
    },
  ],
  "name": "feedback-tableloadingitem--default",
  "pressed": undefined,
  "role": "WebArea",
  "value": undefined,
}
`;
