// Jest Snapshot v1, https://goo.gl/fbAQLP

exports[`User Inputs/InputComment Default smoke-test 1`] = `
Object {
  "checked": undefined,
  "children": Array [
    Object {
      "checked": undefined,
      "children": undefined,
      "multiline": true,
      "name": "Add comment",
      "pressed": undefined,
      "role": "textbox",
      "value": undefined,
    },
    Object {
      "checked": undefined,
      "children": undefined,
      "name": "Submit",
      "pressed": undefined,
      "role": "button",
      "value": undefined,
    },
  ],
  "name": "user-inputs-inputcomment--default",
  "pressed": undefined,
  "role": "WebArea",
  "value": undefined,
}
`;
