// Jest Snapshot v1, https://goo.gl/fbAQLP

exports[`Overlay/Modal Default smoke-test 1`] = `
Object {
  "checked": undefined,
  "children": Array [
    Object {
      "checked": undefined,
      "children": undefined,
      "name": "Open Modal",
      "pressed": undefined,
      "role": "button",
      "value": undefined,
    },
  ],
  "name": "overlay-modal--default",
  "pressed": undefined,
  "role": "WebArea",
  "value": undefined,
}
`;
